// Jest Snapshot v1, https://goo.gl/fbAQLP

exports[`render OK 1`] = `
<connectedposts
  post=""
  store="[object Object]"
>
  
</connectedposts>
`;
